python : test_amortiza
tion_logic (test_logic
.TestFinancialLogic.te
st_amortization_logic)
 ... ok
At line:1 char:1
+ python -m unittest 
discover tests -v > 
test_output.txt 2>&1
+ ~~~~~~~~~~~~~~~~~~~~
~~~~~~~~~~~~~~~~~~~~~~
~~~~~~~~~~~~~~~~~
    + CategoryInfo    
          : NotSpeci  
  fied: (test_amort   
 izati...n_logic)     
... ok:String) []    
, RemoteException
    + FullyQualifiedE 
   rrorId : NativeCo  
  mmandError
 
test_debt_recycling_lo
gic (test_logic.TestFi
nancialLogic.test_debt
_recycling_logic) ... 
ok
test_ip_logic (test_lo
gic.TestFinancialLogic
.test_ip_logic) ... ok
test_lead_scoring (tes
t_logic.TestFinancialL
ogic.test_lead_scoring
) ... ok
test_tier1_qualificati
on (test_logic.TestFin
ancialLogic.test_tier1
_qualification) ... 
FAIL
test_income_tax_2025 (
test_tax.TestTaxEngine
.test_income_tax_2025)
 ... ok
test_marginal_rate (te
st_tax.TestTaxEngine.t
est_marginal_rate) 
... ok
test_stamp_duty (test_
tax.TestTaxEngine.test
_stamp_duty) ... ok

======================
======================
======================
====
FAIL: test_tier1_quali
fication (test_logic.T
estFinancialLogic.test
_tier1_qualification)
----------------------
----------------------
----------------------
----
Traceback (most 
recent call last):
  File "C:\Users\openc
\.gemini\antigravity\s
cratch\financial_advis
or_leads\tests\test_lo
gic.py", line 16, in t
est_tier1_qualificatio
n
    self.assertEqual(s
tatus, "ready")
    ~~~~~~~~~~~~~~~~^^
^^^^^^^^^^^^^^^
AssertionError: 
'not_ready' != 'ready'
- not_ready
? ----
+ ready


----------------------
----------------------
----------------------
----
Ran 8 tests in 0.003s

FAILED (failures=1)
